// Jest Snapshot v1, https://goo.gl/fbAQLP

exports[`should render the Expense List Items 1`] = `
<Link
  className="list-item"
  replace={false}
  to="/edit/2"
>
  <div>
    <h3
      className="list-item__title"
    >
      Rent
    </h3>
    <span
      className="lsit-item__sub-title"
    >
      December 27th, 1969
    </span>
  </div>
  <h3
    className="list-item__date"
  >
    $1,095.00
  </h3>
</Link>
`;
