// Jest Snapshot v1, https://goo.gl/fbAQLP

exports[`should render home page correctly 1`] = `
<div
  className="box-layout"
>
  <div
    className="box-layout__box"
  >
    <h1
      className="box-layout__title"
    >
      Expensify
    </h1>
    <p>
      It's time to a get a hold of your expenses
    </p>
    <button
      className="button"
    >
      Login with Google
    </button>
  </div>
</div>
`;
